      ---------------core18[1:x]
      ---------------core19[1:x]
      ---------------core20[1:x]
      ---------------core21[1:x]
      ---------------core22[1:x]
      ---------------core23[1:x]
      ---------------core24[1:x]
      ---------------core25[1:x]
      ---------------core26[1:x]
      ---------------core27[1:x]
      ---------------core28[1:x]
      ---------------core29[1:x]
      ---------------core30[1:x]
      ---------------core31[1:x]
      ---------------core32[1:x]
      ---------------core33[1:x]
      ---------------core34[1:x]
      ---------------core35[1:x]
      ---------------gpu2[1:x]
      ---------------gpu3[1:x]
      ---------------memory4[32:x]
      ---------------memory5[32:x]
      ---------------memory6[32:x]
      ---------------memory7[32:x]
      ------------socket1[1:x]
      ------------ssd4[512:x]
      ------------ssd5[512:x]
      ------------ssd6[512:x]
      ------------ssd7[512:x]
      ---------node3[1:s]
      ------rack1[1:s]
      ---mtl0-test0[1:s]
INFO: =============================
INFO: JOBID=1
INFO: RESOURCES=ALLOCATED
INFO: SCHEDULED AT=Now
INFO: =============================
      ---------------core18[1:x]
      ---------------core19[1:x]
      ---------------core20[1:x]
      ---------------core21[1:x]
      ---------------core22[1:x]
      ---------------core23[1:x]
      ---------------core24[1:x]
      ---------------core25[1:x]
      ---------------core26[1:x]
      ---------------core27[1:x]
      ---------------core28[1:x]
      ---------------core29[1:x]
      ---------------core30[1:x]
      ---------------core31[1:x]
      ---------------core32[1:x]
      ---------------core33[1:x]
      ---------------core34[1:x]
      ---------------core35[1:x]
      ---------------gpu2[1:x]
      ---------------gpu3[1:x]
      ---------------memory4[32:x]
      ---------------memory5[32:x]
      ---------------memory6[32:x]
      ---------------memory7[32:x]
      ------------socket1[1:x]
      ------------ssd0[512:x]
      ------------ssd1[512:x]
      ------------ssd2[512:x]
      ------------ssd3[512:x]
      ---------node2[1:s]
      ------rack1[1:s]
      ---mtl0-test0[1:s]
INFO: =============================
INFO: JOBID=2
INFO: RESOURCES=ALLOCATED
INFO: SCHEDULED AT=Now
INFO: =============================
      ---------------core18[1:x]
      ---------------core19[1:x]
      ---------------core20[1:x]
      ---------------core21[1:x]
      ---------------core22[1:x]
      ---------------core23[1:x]
      ---------------core24[1:x]
      ---------------core25[1:x]
      ---------------core26[1:x]
      ---------------core27[1:x]
      ---------------core28[1:x]
      ---------------core29[1:x]
      ---------------core30[1:x]
      ---------------core31[1:x]
      ---------------core32[1:x]
      ---------------core33[1:x]
      ---------------core34[1:x]
      ---------------core35[1:x]
      ---------------gpu2[1:x]
      ---------------gpu3[1:x]
      ---------------memory4[32:x]
      ---------------memory5[32:x]
      ---------------memory6[32:x]
      ---------------memory7[32:x]
      ------------socket1[1:x]
      ------------ssd4[512:x]
      ------------ssd5[512:x]
      ------------ssd6[512:x]
      ------------ssd7[512:x]
      ---------node1[1:s]
      ------rack0[1:s]
      ---mtl0-test0[1:s]
INFO: =============================
INFO: JOBID=3
INFO: RESOURCES=ALLOCATED
INFO: SCHEDULED AT=Now
INFO: =============================
      ---------------core18[1:x]
      ---------------core19[1:x]
      ---------------core20[1:x]
      ---------------core21[1:x]
      ---------------core22[1:x]
      ---------------core23[1:x]
      ---------------core24[1:x]
      ---------------core25[1:x]
      ---------------core26[1:x]
      ---------------core27[1:x]
      ---------------core28[1:x]
      ---------------core29[1:x]
      ---------------core30[1:x]
      ---------------core31[1:x]
      ---------------core32[1:x]
      ---------------core33[1:x]
      ---------------core34[1:x]
      ---------------core35[1:x]
      ---------------gpu2[1:x]
      ---------------gpu3[1:x]
      ---------------memory4[32:x]
      ---------------memory5[32:x]
      ---------------memory6[32:x]
      ---------------memory7[32:x]
      ------------socket1[1:x]
      ------------ssd0[512:x]
      ------------ssd1[512:x]
      ------------ssd2[512:x]
      ------------ssd3[512:x]
      ---------node0[1:s]
      ------rack0[1:s]
      ---mtl0-test0[1:s]
INFO: =============================
INFO: JOBID=4
INFO: RESOURCES=ALLOCATED
INFO: SCHEDULED AT=Now
INFO: =============================
      ---------------core18[1:x]
      ---------------core19[1:x]
      ---------------core20[1:x]
      ---------------core21[1:x]
      ---------------core22[1:x]
      ---------------core23[1:x]
      ---------------core24[1:x]
      ---------------core25[1:x]
      ---------------core26[1:x]
      ---------------core27[1:x]
      ---------------core28[1:x]
      ---------------core29[1:x]
      ---------------core30[1:x]
      ---------------core31[1:x]
      ---------------core32[1:x]
      ---------------core33[1:x]
      ---------------core34[1:x]
      ---------------core35[1:x]
      ---------------gpu2[1:x]
      ---------------gpu3[1:x]
      ---------------memory4[32:x]
      ---------------memory5[32:x]
      ---------------memory6[32:x]
      ---------------memory7[32:x]
      ------------socket1[1:x]
      ------------ssd4[512:x]
      ------------ssd5[512:x]
      ------------ssd6[512:x]
      ------------ssd7[512:x]
      ---------node3[1:s]
      ------rack1[1:s]
      ---mtl0-test0[1:s]
INFO: =============================
INFO: JOBID=5
INFO: RESOURCES=RESERVED
INFO: SCHEDULED AT=57600
INFO: =============================
      ---------------core18[1:x]
      ---------------core19[1:x]
      ---------------core20[1:x]
      ---------------core21[1:x]
      ---------------core22[1:x]
      ---------------core23[1:x]
      ---------------core24[1:x]
      ---------------core25[1:x]
      ---------------core26[1:x]
      ---------------core27[1:x]
      ---------------core28[1:x]
      ---------------core29[1:x]
      ---------------core30[1:x]
      ---------------core31[1:x]
      ---------------core32[1:x]
      ---------------core33[1:x]
      ---------------core34[1:x]
      ---------------core35[1:x]
      ---------------gpu2[1:x]
      ---------------gpu3[1:x]
      ---------------memory4[32:x]
      ---------------memory5[32:x]
      ---------------memory6[32:x]
      ---------------memory7[32:x]
      ------------socket1[1:x]
      ------------ssd0[512:x]
      ------------ssd1[512:x]
      ------------ssd2[512:x]
      ------------ssd3[512:x]
      ---------node2[1:s]
      ------rack1[1:s]
      ---mtl0-test0[1:s]
INFO: =============================
INFO: JOBID=6
INFO: RESOURCES=RESERVED
INFO: SCHEDULED AT=57600
INFO: =============================
      ---------------core18[1:x]
      ---------------core19[1:x]
      ---------------core20[1:x]
      ---------------core21[1:x]
      ---------------core22[1:x]
      ---------------core23[1:x]
      ---------------core24[1:x]
      ---------------core25[1:x]
      ---------------core26[1:x]
      ---------------core27[1:x]
      ---------------core28[1:x]
      ---------------core29[1:x]
      ---------------core30[1:x]
      ---------------core31[1:x]
      ---------------core32[1:x]
      ---------------core33[1:x]
      ---------------core34[1:x]
      ---------------core35[1:x]
      ---------------gpu2[1:x]
      ---------------gpu3[1:x]
      ---------------memory4[32:x]
      ---------------memory5[32:x]
      ---------------memory6[32:x]
      ---------------memory7[32:x]
      ------------socket1[1:x]
      ------------ssd4[512:x]
      ------------ssd5[512:x]
      ------------ssd6[512:x]
      ------------ssd7[512:x]
      ---------node1[1:s]
      ------rack0[1:s]
      ---mtl0-test0[1:s]
INFO: =============================
INFO: JOBID=7
INFO: RESOURCES=RESERVED
INFO: SCHEDULED AT=57600
INFO: =============================
      ---------------core18[1:x]
      ---------------core19[1:x]
      ---------------core20[1:x]
      ---------------core21[1:x]
      ---------------core22[1:x]
      ---------------core23[1:x]
      ---------------core24[1:x]
      ---------------core25[1:x]
      ---------------core26[1:x]
      ---------------core27[1:x]
      ---------------core28[1:x]
      ---------------core29[1:x]
      ---------------core30[1:x]
      ---------------core31[1:x]
      ---------------core32[1:x]
      ---------------core33[1:x]
      ---------------core34[1:x]
      ---------------core35[1:x]
      ---------------gpu2[1:x]
      ---------------gpu3[1:x]
      ---------------memory4[32:x]
      ---------------memory5[32:x]
      ---------------memory6[32:x]
      ---------------memory7[32:x]
      ------------socket1[1:x]
      ------------ssd0[512:x]
      ------------ssd1[512:x]
      ------------ssd2[512:x]
      ------------ssd3[512:x]
      ---------node0[1:s]
      ------rack0[1:s]
      ---mtl0-test0[1:s]
INFO: =============================
INFO: JOBID=8
INFO: RESOURCES=RESERVED
INFO: SCHEDULED AT=57600
INFO: =============================
