      ---------------core0[1:x]
      ---------------core1[1:x]
      ---------------core2[1:x]
      ---------------core3[1:x]
      ---------------core4[1:x]
      ---------------core5[1:x]
      ---------------core6[1:x]
      ---------------core7[1:x]
      ---------------core8[1:x]
      ---------------core9[1:x]
      ---------------core10[1:x]
      ---------------core11[1:x]
      ---------------core12[1:x]
      ---------------core13[1:x]
      ---------------core14[1:x]
      ---------------core15[1:x]
      ---------------core16[1:x]
      ---------------core17[1:x]
      ---------------gpu0[1:x]
      ---------------gpu1[1:x]
      ---------------memory0[32:x]
      ---------------memory1[32:x]
      ---------------memory2[32:x]
      ---------------memory3[32:x]
      ------------socket0[1:x]
      ------------ssd0[512:x]
      ------------ssd1[512:x]
      ------------ssd2[512:x]
      ------------ssd3[512:x]
      ---------node0[1:s]
      ------rack0[1:s]
      ---mtl0-test0[1:s]
INFO: =============================
INFO: JOBID=1
INFO: RESOURCES=ALLOCATED
INFO: SCHEDULED AT=Now
INFO: =============================
      ---------------core0[1:x]
      ---------------core1[1:x]
      ---------------core2[1:x]
      ---------------core3[1:x]
      ---------------core4[1:x]
      ---------------core5[1:x]
      ---------------core6[1:x]
      ---------------core7[1:x]
      ---------------core8[1:x]
      ---------------core9[1:x]
      ---------------core10[1:x]
      ---------------core11[1:x]
      ---------------core12[1:x]
      ---------------core13[1:x]
      ---------------core14[1:x]
      ---------------core15[1:x]
      ---------------core16[1:x]
      ---------------core17[1:x]
      ---------------gpu0[1:x]
      ---------------gpu1[1:x]
      ---------------memory0[32:x]
      ---------------memory1[32:x]
      ---------------memory2[32:x]
      ---------------memory3[32:x]
      ------------socket0[1:x]
      ------------ssd4[512:x]
      ------------ssd5[512:x]
      ------------ssd6[512:x]
      ------------ssd7[512:x]
      ---------node1[1:s]
      ------rack0[1:s]
      ---mtl0-test0[1:s]
INFO: =============================
INFO: JOBID=2
INFO: RESOURCES=ALLOCATED
INFO: SCHEDULED AT=Now
INFO: =============================
      ---------------core0[1:x]
      ---------------core1[1:x]
      ---------------core2[1:x]
      ---------------core3[1:x]
      ---------------core4[1:x]
      ---------------core5[1:x]
      ---------------core6[1:x]
      ---------------core7[1:x]
      ---------------core8[1:x]
      ---------------core9[1:x]
      ---------------core10[1:x]
      ---------------core11[1:x]
      ---------------core12[1:x]
      ---------------core13[1:x]
      ---------------core14[1:x]
      ---------------core15[1:x]
      ---------------core16[1:x]
      ---------------core17[1:x]
      ---------------gpu0[1:x]
      ---------------gpu1[1:x]
      ---------------memory0[32:x]
      ---------------memory1[32:x]
      ---------------memory2[32:x]
      ---------------memory3[32:x]
      ------------socket0[1:x]
      ------------ssd0[512:x]
      ------------ssd1[512:x]
      ------------ssd2[512:x]
      ------------ssd3[512:x]
      ---------node2[1:s]
      ------rack1[1:s]
      ---mtl0-test0[1:s]
INFO: =============================
INFO: JOBID=3
INFO: RESOURCES=ALLOCATED
INFO: SCHEDULED AT=Now
INFO: =============================
      ---------------core0[1:x]
      ---------------core1[1:x]
      ---------------core2[1:x]
      ---------------core3[1:x]
      ---------------core4[1:x]
      ---------------core5[1:x]
      ---------------core6[1:x]
      ---------------core7[1:x]
      ---------------core8[1:x]
      ---------------core9[1:x]
      ---------------core10[1:x]
      ---------------core11[1:x]
      ---------------core12[1:x]
      ---------------core13[1:x]
      ---------------core14[1:x]
      ---------------core15[1:x]
      ---------------core16[1:x]
      ---------------core17[1:x]
      ---------------gpu0[1:x]
      ---------------gpu1[1:x]
      ---------------memory0[32:x]
      ---------------memory1[32:x]
      ---------------memory2[32:x]
      ---------------memory3[32:x]
      ------------socket0[1:x]
      ------------ssd4[512:x]
      ------------ssd5[512:x]
      ------------ssd6[512:x]
      ------------ssd7[512:x]
      ---------node3[1:s]
      ------rack1[1:s]
      ---mtl0-test0[1:s]
INFO: =============================
INFO: JOBID=4
INFO: RESOURCES=ALLOCATED
INFO: SCHEDULED AT=Now
INFO: =============================
INFO: =============================
INFO: No matching resources found
INFO: JOBID=5
INFO: =============================
