{
  "version": 1,
  "execution": {
    "R_lite": [
      {
        "children": {
          "core": "0-15"
        }
      }
    ],
    "nodelist": [
      "cab1234"
    ]
  }
}
