      ---------------core0[1:x]
      ---------------core1[1:x]
      ---------------core2[1:x]
      ---------------core3[1:x]
      ---------------memory0[2:x]
      ---------------memory1[2:x]
      ---------------memory2[2:x]
      ---------------memory3[2:x]
      ------------socket0[1:s]
      ---------node0[1:s]
      ------rack0[1:s]
      ---tiny0[1:s]
INFO: =============================
INFO: JOBID=1
INFO: RESOURCES=ALLOCATED
INFO: SCHEDULED AT=Now
INFO: =============================
      ---------------core18[1:x]
      ---------------core19[1:x]
      ---------------core20[1:x]
      ---------------core21[1:x]
      ---------------memory4[2:x]
      ---------------memory5[2:x]
      ---------------memory6[2:x]
      ---------------memory7[2:x]
      ------------socket1[1:s]
      ---------node0[1:s]
      ------rack0[1:s]
      ---tiny0[1:s]
INFO: =============================
INFO: JOBID=2
INFO: RESOURCES=ALLOCATED
INFO: SCHEDULED AT=Now
INFO: =============================
      ---------------core0[1:x]
      ---------------core1[1:x]
      ---------------core2[1:x]
      ---------------core3[1:x]
      ---------------memory0[2:x]
      ---------------memory1[2:x]
      ---------------memory2[2:x]
      ---------------memory3[2:x]
      ------------socket0[1:s]
      ---------node1[1:s]
      ------rack0[1:s]
      ---tiny0[1:s]
INFO: =============================
INFO: JOBID=3
INFO: RESOURCES=ALLOCATED
INFO: SCHEDULED AT=Now
INFO: =============================
      ---------------core18[1:x]
      ---------------core19[1:x]
      ---------------core20[1:x]
      ---------------core21[1:x]
      ---------------memory4[2:x]
      ---------------memory5[2:x]
      ---------------memory6[2:x]
      ---------------memory7[2:x]
      ------------socket1[1:s]
      ---------node1[1:s]
      ------rack0[1:s]
      ---tiny0[1:s]
INFO: =============================
INFO: JOBID=4
INFO: RESOURCES=ALLOCATED
INFO: SCHEDULED AT=Now
INFO: =============================
INFO: =============================
INFO: No matching resources found
INFO: JOBID=5
INFO: =============================
