      ------------core3[1:x]
      ---------socket0[1:s]
      ------cab1251[1:s]
      ---cluster0[1:s]
INFO: =============================
INFO: JOBID=1
INFO: RESOURCES=ALLOCATED
INFO: SCHEDULED AT=Now
INFO: =============================
      ------------core2[1:x]
      ---------socket0[1:s]
      ------cab1251[1:s]
      ---cluster0[1:s]
INFO: =============================
INFO: JOBID=2
INFO: RESOURCES=ALLOCATED
INFO: SCHEDULED AT=Now
INFO: =============================
      ------------core1[1:x]
      ---------socket0[1:s]
      ------cab1251[1:s]
      ---cluster0[1:s]
INFO: =============================
INFO: JOBID=3
INFO: RESOURCES=ALLOCATED
INFO: SCHEDULED AT=Now
INFO: =============================
      ------------core0[1:x]
      ---------socket0[1:s]
      ------cab1251[1:s]
      ---cluster0[1:s]
INFO: =============================
INFO: JOBID=4
INFO: RESOURCES=ALLOCATED
INFO: SCHEDULED AT=Now
INFO: =============================
