      ---------------gpu2[1:x]
      ---------------gpu3[1:x]
      ------------numanode1[1:s]
      ---------group0[1:s]
      ------sierra3682[1:s]
      ---cluster0[1:s]
INFO: =============================
INFO: JOBID=1
INFO: RESOURCES=ALLOCATED
INFO: SCHEDULED AT=Now
INFO: =============================
      ---------------gpu0[1:x]
      ---------------gpu1[1:x]
      ------------numanode0[1:s]
      ---------group0[1:s]
      ------sierra3682[1:s]
      ---cluster0[1:s]
INFO: =============================
INFO: JOBID=2
INFO: RESOURCES=ALLOCATED
INFO: SCHEDULED AT=Now
INFO: =============================
