      ------------power0[10:x]
      ------------power1[10:x]
      ---------node63[1:x]
      ------------power0[10:x]
      ------------power1[10:x]
      ---------node64[1:x]
      ------------power0[10:x]
      ------------power1[10:x]
      ---------node65[1:x]
      ------------power0[10:x]
      ------------power1[10:x]
      ---------node66[1:x]
      ------------power0[10:x]
      ------------power1[10:x]
      ---------node67[1:x]
      ------------power0[10:x]
      ------------power1[10:x]
      ---------node68[1:x]
      ------------power0[10:x]
      ------------power1[10:x]
      ---------node69[1:x]
      ------------power0[10:x]
      ------------power1[10:x]
      ---------node70[1:x]
      ------------power0[10:x]
      ------------power1[10:x]
      ---------node71[1:x]
      ---------power31[10:x]
      ---------power32[10:x]
      ---------power33[10:x]
      ---------power34[10:x]
      ---------power35[10:x]
      ---------power36[10:x]
      ---------power37[10:x]
      ---------power38[10:x]
      ---------power39[10:x]
      ------pdu3[1:s]
      ------power199[10:x]
      ---powerpanel0[1:s]
INFO: =============================
INFO: JOBID=1
INFO: RESOURCES=ALLOCATED
INFO: SCHEDULED AT=Now
INFO: =============================
      ------------power0[10:x]
      ------------power1[10:x]
      ---------node53[1:x]
      ---------power39[10:x]
      ------pdu2[1:s]
      ------------power0[10:x]
      ------------power1[10:x]
      ---------node62[1:x]
      ---------power30[10:x]
      ------pdu3[1:s]
      ---powerpanel0[1:s]
INFO: =============================
INFO: JOBID=2
INFO: RESOURCES=ALLOCATED
INFO: SCHEDULED AT=Now
INFO: =============================
