      ---------------core0[1:x]
      ---------------core1[1:x]
      ---------------core2[1:x]
      ---------------core3[1:x]
      ---------------core4[1:x]
      ---------------core5[1:x]
      ---------------core6[1:x]
      ---------------core7[1:x]
      ---------------core8[1:x]
      ---------------core9[1:x]
      ---------------core10[1:x]
      ---------------core11[1:x]
      ---------------core12[1:x]
      ---------------core13[1:x]
      ---------------core14[1:x]
      ---------------core15[1:x]
      ---------------core16[1:x]
      ---------------core17[1:x]
      ---------------core18[1:x]
      ---------------core19[1:x]
      ---------------core20[1:x]
      ---------------core21[1:x]
      ------------socket0[1:x]
      ---------------core22[1:x]
      ---------------core23[1:x]
      ---------------core24[1:x]
      ---------------core25[1:x]
      ---------------core26[1:x]
      ---------------core27[1:x]
      ---------------core28[1:x]
      ---------------core29[1:x]
      ---------------core30[1:x]
      ---------------core31[1:x]
      ---------------core32[1:x]
      ---------------core33[1:x]
      ---------------core34[1:x]
      ---------------core35[1:x]
      ---------------core36[1:x]
      ---------------core37[1:x]
      ---------------core38[1:x]
      ---------------core39[1:x]
      ---------------core40[1:x]
      ---------------core41[1:x]
      ---------------core42[1:x]
      ---------------core43[1:x]
      ------------socket1[1:x]
      ---------cpu_group4316[1:x]
      ---------------core0[1:x]
      ---------------core1[1:x]
      ---------------core2[1:x]
      ---------------core3[1:x]
      ---------------core4[1:x]
      ---------------core5[1:x]
      ---------------core6[1:x]
      ---------------core7[1:x]
      ---------------core8[1:x]
      ---------------core9[1:x]
      ---------------core10[1:x]
      ---------------core11[1:x]
      ---------------core12[1:x]
      ---------------core13[1:x]
      ---------------core14[1:x]
      ---------------core15[1:x]
      ---------------core16[1:x]
      ---------------core17[1:x]
      ---------------core18[1:x]
      ---------------core19[1:x]
      ---------------core20[1:x]
      ---------------core21[1:x]
      ------------socket0[1:x]
      ---------------core22[1:x]
      ---------------core23[1:x]
      ---------------core24[1:x]
      ---------------core25[1:x]
      ---------------core26[1:x]
      ---------------core27[1:x]
      ---------------core28[1:x]
      ---------------core29[1:x]
      ---------------core30[1:x]
      ---------------core31[1:x]
      ---------------core32[1:x]
      ---------------core33[1:x]
      ---------------core34[1:x]
      ---------------core35[1:x]
      ---------------core36[1:x]
      ---------------core37[1:x]
      ---------------core38[1:x]
      ---------------core39[1:x]
      ---------------core40[1:x]
      ---------------core41[1:x]
      ---------------core42[1:x]
      ---------------core43[1:x]
      ------------socket1[1:x]
      ---------cpu_group4317[1:x]
      ---------------core0[1:x]
      ---------------core1[1:x]
      ---------------core2[1:x]
      ---------------core3[1:x]
      ---------------core4[1:x]
      ---------------core5[1:x]
      ---------------core6[1:x]
      ---------------core7[1:x]
      ---------------core8[1:x]
      ---------------core9[1:x]
      ---------------core10[1:x]
      ---------------core11[1:x]
      ---------------core12[1:x]
      ---------------core13[1:x]
      ---------------core14[1:x]
      ---------------core15[1:x]
      ---------------core16[1:x]
      ---------------core17[1:x]
      ---------------core18[1:x]
      ---------------core19[1:x]
      ---------------core20[1:x]
      ---------------core21[1:x]
      ------------socket0[1:x]
      ---------------core22[1:x]
      ---------------core23[1:x]
      ---------------core24[1:x]
      ---------------core25[1:x]
      ---------------core26[1:x]
      ---------------core27[1:x]
      ---------------core28[1:x]
      ---------------core29[1:x]
      ---------------core30[1:x]
      ---------------core31[1:x]
      ---------------core32[1:x]
      ---------------core33[1:x]
      ---------------core34[1:x]
      ---------------core35[1:x]
      ---------------core36[1:x]
      ---------------core37[1:x]
      ---------------core38[1:x]
      ---------------core39[1:x]
      ---------------core40[1:x]
      ---------------core41[1:x]
      ---------------core42[1:x]
      ---------------core43[1:x]
      ------------socket1[1:x]
      ---------cpu_group4318[1:x]
      ---------------core0[1:x]
      ---------------core1[1:x]
      ---------------core2[1:x]
      ---------------core3[1:x]
      ---------------core4[1:x]
      ---------------core5[1:x]
      ---------------core6[1:x]
      ---------------core7[1:x]
      ---------------core8[1:x]
      ---------------core9[1:x]
      ---------------core10[1:x]
      ---------------core11[1:x]
      ---------------core12[1:x]
      ---------------core13[1:x]
      ---------------core14[1:x]
      ---------------core15[1:x]
      ---------------core16[1:x]
      ---------------core17[1:x]
      ---------------core18[1:x]
      ---------------core19[1:x]
      ---------------core20[1:x]
      ---------------core21[1:x]
      ------------socket0[1:x]
      ---------------core22[1:x]
      ---------------core23[1:x]
      ---------------core24[1:x]
      ---------------core25[1:x]
      ---------------core26[1:x]
      ---------------core27[1:x]
      ---------------core28[1:x]
      ---------------core29[1:x]
      ---------------core30[1:x]
      ---------------core31[1:x]
      ---------------core32[1:x]
      ---------------core33[1:x]
      ---------------core34[1:x]
      ---------------core35[1:x]
      ---------------core36[1:x]
      ---------------core37[1:x]
      ---------------core38[1:x]
      ---------------core39[1:x]
      ---------------core40[1:x]
      ---------------core41[1:x]
      ---------------core42[1:x]
      ---------------core43[1:x]
      ------------socket1[1:x]
      ---------cpu_group4319[1:x]
      ------cpu_rack119[1:s]
      ------------gpu272[1:x]
      ------------gpu273[1:x]
      ------------gpu274[1:x]
      ------------gpu275[1:x]
      ------------gpu276[1:x]
      ------------gpu277[1:x]
      ------------gpu278[1:x]
      ------------gpu279[1:x]
      ---------gpu_group2158[1:x]
      ------------gpu280[1:x]
      ------------gpu281[1:x]
      ------------gpu282[1:x]
      ------------gpu283[1:x]
      ------------gpu284[1:x]
      ------------gpu285[1:x]
      ------------gpu286[1:x]
      ------------gpu287[1:x]
      ---------gpu_group2159[1:x]
      ------gpu_rack59[1:s]
      ------------memory1065[64:x]
      ------------memory1066[64:x]
      ------------memory1067[64:x]
      ------------memory1068[64:x]
      ------------memory1069[64:x]
      ------------memory1070[64:x]
      ------------memory1071[64:x]
      ------------memory1072[64:x]
      ------------memory1073[64:x]
      ------------memory1074[64:x]
      ------------memory1075[64:x]
      ------------memory1076[64:x]
      ------------memory1077[64:x]
      ------------memory1078[64:x]
      ------------memory1079[64:x]
      ---------mem_group1151[1:x]
      ------mem_rack15[1:s]
      ------------bb6674[64:x]
      ------------bb6675[64:x]
      ------------bb6676[64:x]
      ------------bb6677[64:x]
      ------------bb6678[64:x]
      ------------bb6679[64:x]
      ------------bb6680[64:x]
      ------------bb6681[64:x]
      ------------bb6682[64:x]
      ------------bb6683[64:x]
      ------------bb6684[64:x]
      ------------bb6685[64:x]
      ------------bb6686[64:x]
      ------------bb6687[64:x]
      ------------bb6688[64:x]
      ------------bb6689[64:x]
      ------------bb6690[64:x]
      ------------bb6691[64:x]
      ------------bb6692[64:x]
      ------------bb6693[64:x]
      ------------bb6694[64:x]
      ------------bb6695[64:x]
      ------------bb6696[64:x]
      ------------bb6697[64:x]
      ------------bb6698[64:x]
      ------------bb6699[64:x]
      ------------bb6700[64:x]
      ------------bb6701[64:x]
      ------------bb6702[64:x]
      ------------bb6703[64:x]
      ------------bb6704[64:x]
      ------------bb6705[64:x]
      ------------bb6706[64:x]
      ------------bb6707[64:x]
      ------------bb6708[64:x]
      ------------bb6709[64:x]
      ------------bb6710[64:x]
      ------------bb6711[64:x]
      ------------bb6712[64:x]
      ------------bb6713[64:x]
      ------------bb6714[64:x]
      ------------bb6715[64:x]
      ------------bb6716[64:x]
      ------------bb6717[64:x]
      ------------bb6718[64:x]
      ------------bb6719[64:x]
      ------------bb6720[64:x]
      ------------bb6721[64:x]
      ------------bb6722[64:x]
      ------------bb6723[64:x]
      ------------bb6724[64:x]
      ------------bb6725[64:x]
      ------------bb6726[64:x]
      ------------bb6727[64:x]
      ------------bb6728[64:x]
      ------------bb6729[64:x]
      ------------bb6730[64:x]
      ------------bb6731[64:x]
      ------------bb6732[64:x]
      ------------bb6733[64:x]
      ------------bb6734[64:x]
      ------------bb6735[64:x]
      ------------bb6736[64:x]
      ------------bb6737[64:x]
      ------------bb6738[64:x]
      ------------bb6739[64:x]
      ------------bb6740[64:x]
      ------------bb6741[64:x]
      ------------bb6742[64:x]
      ------------bb6743[64:x]
      ------------bb6744[64:x]
      ------------bb6745[64:x]
      ------------bb6746[64:x]
      ------------bb6747[64:x]
      ------------bb6748[64:x]
      ------------bb6749[64:x]
      ------------bb6750[64:x]
      ------------bb6751[64:x]
      ------------bb6752[64:x]
      ------------bb6753[64:x]
      ------------bb6754[64:x]
      ------------bb6755[64:x]
      ------------bb6756[64:x]
      ------------bb6757[64:x]
      ------------bb6758[64:x]
      ------------bb6759[64:x]
      ------------bb6760[64:x]
      ------------bb6761[64:x]
      ------------bb6762[64:x]
      ------------bb6763[64:x]
      ------------bb6764[64:x]
      ------------bb6765[64:x]
      ------------bb6766[64:x]
      ------------bb6767[64:x]
      ---------bb_group1151[1:x]
      ------bb_rack15[1:s]
      ------------gpfs126[60:x]
      ------------gpfs127[60:x]
      ---------storage_group1535[1:x]
      ------storage_rack23[1:s]
      ---disaggr0[1:s]
INFO: =============================
INFO: JOBID=1
INFO: RESOURCES=ALLOCATED
INFO: SCHEDULED AT=Now
INFO: =============================
      ---------------core0[1:x]
      ---------------core1[1:x]
      ---------------core2[1:x]
      ---------------core3[1:x]
      ---------------core4[1:x]
      ---------------core5[1:x]
      ---------------core6[1:x]
      ---------------core7[1:x]
      ---------------core8[1:x]
      ---------------core9[1:x]
      ---------------core10[1:x]
      ---------------core11[1:x]
      ---------------core12[1:x]
      ---------------core13[1:x]
      ---------------core14[1:x]
      ---------------core15[1:x]
      ---------------core16[1:x]
      ---------------core17[1:x]
      ---------------core18[1:x]
      ---------------core19[1:x]
      ---------------core20[1:x]
      ---------------core21[1:x]
      ------------socket0[1:x]
      ---------------core22[1:x]
      ---------------core23[1:x]
      ---------------core24[1:x]
      ---------------core25[1:x]
      ---------------core26[1:x]
      ---------------core27[1:x]
      ---------------core28[1:x]
      ---------------core29[1:x]
      ---------------core30[1:x]
      ---------------core31[1:x]
      ---------------core32[1:x]
      ---------------core33[1:x]
      ---------------core34[1:x]
      ---------------core35[1:x]
      ---------------core36[1:x]
      ---------------core37[1:x]
      ---------------core38[1:x]
      ---------------core39[1:x]
      ---------------core40[1:x]
      ---------------core41[1:x]
      ---------------core42[1:x]
      ---------------core43[1:x]
      ------------socket1[1:x]
      ---------cpu_group4312[1:x]
      ---------------core0[1:x]
      ---------------core1[1:x]
      ---------------core2[1:x]
      ---------------core3[1:x]
      ---------------core4[1:x]
      ---------------core5[1:x]
      ---------------core6[1:x]
      ---------------core7[1:x]
      ---------------core8[1:x]
      ---------------core9[1:x]
      ---------------core10[1:x]
      ---------------core11[1:x]
      ---------------core12[1:x]
      ---------------core13[1:x]
      ---------------core14[1:x]
      ---------------core15[1:x]
      ---------------core16[1:x]
      ---------------core17[1:x]
      ---------------core18[1:x]
      ---------------core19[1:x]
      ---------------core20[1:x]
      ---------------core21[1:x]
      ------------socket0[1:x]
      ---------------core22[1:x]
      ---------------core23[1:x]
      ---------------core24[1:x]
      ---------------core25[1:x]
      ---------------core26[1:x]
      ---------------core27[1:x]
      ---------------core28[1:x]
      ---------------core29[1:x]
      ---------------core30[1:x]
      ---------------core31[1:x]
      ---------------core32[1:x]
      ---------------core33[1:x]
      ---------------core34[1:x]
      ---------------core35[1:x]
      ---------------core36[1:x]
      ---------------core37[1:x]
      ---------------core38[1:x]
      ---------------core39[1:x]
      ---------------core40[1:x]
      ---------------core41[1:x]
      ---------------core42[1:x]
      ---------------core43[1:x]
      ------------socket1[1:x]
      ---------cpu_group4313[1:x]
      ---------------core0[1:x]
      ---------------core1[1:x]
      ---------------core2[1:x]
      ---------------core3[1:x]
      ---------------core4[1:x]
      ---------------core5[1:x]
      ---------------core6[1:x]
      ---------------core7[1:x]
      ---------------core8[1:x]
      ---------------core9[1:x]
      ---------------core10[1:x]
      ---------------core11[1:x]
      ---------------core12[1:x]
      ---------------core13[1:x]
      ---------------core14[1:x]
      ---------------core15[1:x]
      ---------------core16[1:x]
      ---------------core17[1:x]
      ---------------core18[1:x]
      ---------------core19[1:x]
      ---------------core20[1:x]
      ---------------core21[1:x]
      ------------socket0[1:x]
      ---------------core22[1:x]
      ---------------core23[1:x]
      ---------------core24[1:x]
      ---------------core25[1:x]
      ---------------core26[1:x]
      ---------------core27[1:x]
      ---------------core28[1:x]
      ---------------core29[1:x]
      ---------------core30[1:x]
      ---------------core31[1:x]
      ---------------core32[1:x]
      ---------------core33[1:x]
      ---------------core34[1:x]
      ---------------core35[1:x]
      ---------------core36[1:x]
      ---------------core37[1:x]
      ---------------core38[1:x]
      ---------------core39[1:x]
      ---------------core40[1:x]
      ---------------core41[1:x]
      ---------------core42[1:x]
      ---------------core43[1:x]
      ------------socket1[1:x]
      ---------cpu_group4314[1:x]
      ---------------core0[1:x]
      ---------------core1[1:x]
      ---------------core2[1:x]
      ---------------core3[1:x]
      ---------------core4[1:x]
      ---------------core5[1:x]
      ---------------core6[1:x]
      ---------------core7[1:x]
      ---------------core8[1:x]
      ---------------core9[1:x]
      ---------------core10[1:x]
      ---------------core11[1:x]
      ---------------core12[1:x]
      ---------------core13[1:x]
      ---------------core14[1:x]
      ---------------core15[1:x]
      ---------------core16[1:x]
      ---------------core17[1:x]
      ---------------core18[1:x]
      ---------------core19[1:x]
      ---------------core20[1:x]
      ---------------core21[1:x]
      ------------socket0[1:x]
      ---------------core22[1:x]
      ---------------core23[1:x]
      ---------------core24[1:x]
      ---------------core25[1:x]
      ---------------core26[1:x]
      ---------------core27[1:x]
      ---------------core28[1:x]
      ---------------core29[1:x]
      ---------------core30[1:x]
      ---------------core31[1:x]
      ---------------core32[1:x]
      ---------------core33[1:x]
      ---------------core34[1:x]
      ---------------core35[1:x]
      ---------------core36[1:x]
      ---------------core37[1:x]
      ---------------core38[1:x]
      ---------------core39[1:x]
      ---------------core40[1:x]
      ---------------core41[1:x]
      ---------------core42[1:x]
      ---------------core43[1:x]
      ------------socket1[1:x]
      ---------cpu_group4315[1:x]
      ------cpu_rack119[1:s]
      ------------gpu256[1:x]
      ------------gpu257[1:x]
      ------------gpu258[1:x]
      ------------gpu259[1:x]
      ------------gpu260[1:x]
      ------------gpu261[1:x]
      ------------gpu262[1:x]
      ------------gpu263[1:x]
      ---------gpu_group2156[1:s]
      ------------gpu264[1:x]
      ------------gpu265[1:x]
      ------------gpu266[1:x]
      ------------gpu267[1:x]
      ------------gpu268[1:x]
      ------------gpu269[1:x]
      ------------gpu270[1:x]
      ------------gpu271[1:x]
      ---------gpu_group2157[1:s]
      ------gpu_rack59[1:s]
      ------------memory1050[64:x]
      ------------memory1051[64:x]
      ------------memory1052[64:x]
      ------------memory1053[64:x]
      ------------memory1054[64:x]
      ------------memory1055[64:x]
      ------------memory1056[64:x]
      ------------memory1057[64:x]
      ------------memory1058[64:x]
      ------------memory1059[64:x]
      ------------memory1060[64:x]
      ------------memory1061[64:x]
      ------------memory1062[64:x]
      ------------memory1063[64:x]
      ------------memory1064[64:x]
      ---------mem_group1150[1:s]
      ------mem_rack15[1:s]
      ------------bb6580[64:x]
      ------------bb6581[64:x]
      ------------bb6582[64:x]
      ------------bb6583[64:x]
      ------------bb6584[64:x]
      ------------bb6585[64:x]
      ------------bb6586[64:x]
      ------------bb6587[64:x]
      ------------bb6588[64:x]
      ------------bb6589[64:x]
      ------------bb6590[64:x]
      ------------bb6591[64:x]
      ------------bb6592[64:x]
      ------------bb6593[64:x]
      ------------bb6594[64:x]
      ------------bb6595[64:x]
      ------------bb6596[64:x]
      ------------bb6597[64:x]
      ------------bb6598[64:x]
      ------------bb6599[64:x]
      ------------bb6600[64:x]
      ------------bb6601[64:x]
      ------------bb6602[64:x]
      ------------bb6603[64:x]
      ------------bb6604[64:x]
      ------------bb6605[64:x]
      ------------bb6606[64:x]
      ------------bb6607[64:x]
      ------------bb6608[64:x]
      ------------bb6609[64:x]
      ------------bb6610[64:x]
      ------------bb6611[64:x]
      ------------bb6612[64:x]
      ------------bb6613[64:x]
      ------------bb6614[64:x]
      ------------bb6615[64:x]
      ------------bb6616[64:x]
      ------------bb6617[64:x]
      ------------bb6618[64:x]
      ------------bb6619[64:x]
      ------------bb6620[64:x]
      ------------bb6621[64:x]
      ------------bb6622[64:x]
      ------------bb6623[64:x]
      ------------bb6624[64:x]
      ------------bb6625[64:x]
      ------------bb6626[64:x]
      ------------bb6627[64:x]
      ------------bb6628[64:x]
      ------------bb6629[64:x]
      ------------bb6630[64:x]
      ------------bb6631[64:x]
      ------------bb6632[64:x]
      ------------bb6633[64:x]
      ------------bb6634[64:x]
      ------------bb6635[64:x]
      ------------bb6636[64:x]
      ------------bb6637[64:x]
      ------------bb6638[64:x]
      ------------bb6639[64:x]
      ------------bb6640[64:x]
      ------------bb6641[64:x]
      ------------bb6642[64:x]
      ------------bb6643[64:x]
      ------------bb6644[64:x]
      ------------bb6645[64:x]
      ------------bb6646[64:x]
      ------------bb6647[64:x]
      ------------bb6648[64:x]
      ------------bb6649[64:x]
      ------------bb6650[64:x]
      ------------bb6651[64:x]
      ------------bb6652[64:x]
      ------------bb6653[64:x]
      ------------bb6654[64:x]
      ------------bb6655[64:x]
      ------------bb6656[64:x]
      ------------bb6657[64:x]
      ------------bb6658[64:x]
      ------------bb6659[64:x]
      ------------bb6660[64:x]
      ------------bb6661[64:x]
      ------------bb6662[64:x]
      ------------bb6663[64:x]
      ------------bb6664[64:x]
      ------------bb6665[64:x]
      ------------bb6666[64:x]
      ------------bb6667[64:x]
      ------------bb6668[64:x]
      ------------bb6669[64:x]
      ------------bb6670[64:x]
      ------------bb6671[64:x]
      ------------bb6672[64:x]
      ------------bb6673[64:x]
      ---------bb_group1150[1:s]
      ------bb_rack15[1:s]
      ------------gpfs124[60:x]
      ------------gpfs125[60:x]
      ---------storage_group1534[1:s]
      ------storage_rack23[1:s]
      ---disaggr0[1:s]
INFO: =============================
INFO: JOBID=2
INFO: RESOURCES=ALLOCATED
INFO: SCHEDULED AT=Now
INFO: =============================
      ---------------core0[1:x]
      ---------------core1[1:x]
      ---------------core2[1:x]
      ---------------core3[1:x]
      ---------------core4[1:x]
      ---------------core5[1:x]
      ---------------core6[1:x]
      ---------------core7[1:x]
      ---------------core8[1:x]
      ---------------core9[1:x]
      ---------------core10[1:x]
      ---------------core11[1:x]
      ---------------core12[1:x]
      ---------------core13[1:x]
      ---------------core14[1:x]
      ---------------core15[1:x]
      ---------------core16[1:x]
      ---------------core17[1:x]
      ---------------core18[1:x]
      ---------------core19[1:x]
      ---------------core20[1:x]
      ---------------core21[1:x]
      ------------socket0[1:s]
      ---------------core22[1:x]
      ---------------core23[1:x]
      ---------------core24[1:x]
      ---------------core25[1:x]
      ---------------core26[1:x]
      ---------------core27[1:x]
      ---------------core28[1:x]
      ---------------core29[1:x]
      ---------------core30[1:x]
      ---------------core31[1:x]
      ---------------core32[1:x]
      ---------------core33[1:x]
      ---------------core34[1:x]
      ---------------core35[1:x]
      ---------------core36[1:x]
      ---------------core37[1:x]
      ---------------core38[1:x]
      ---------------core39[1:x]
      ---------------core40[1:x]
      ---------------core41[1:x]
      ---------------core42[1:x]
      ---------------core43[1:x]
      ------------socket1[1:s]
      ---------cpu_group4311[1:s]
      ------cpu_rack119[1:s]
      ------------gpu240[1:x]
      ------------gpu241[1:x]
      ------------gpu242[1:x]
      ------------gpu243[1:x]
      ------------gpu244[1:x]
      ------------gpu245[1:x]
      ------------gpu246[1:x]
      ------------gpu247[1:x]
      ---------gpu_group2154[1:s]
      ------------gpu248[1:x]
      ------------gpu249[1:x]
      ------------gpu250[1:x]
      ------------gpu251[1:x]
      ------------gpu252[1:x]
      ------------gpu253[1:x]
      ------------gpu254[1:x]
      ------------gpu255[1:x]
      ---------gpu_group2155[1:s]
      ------gpu_rack59[1:s]
      ---disaggr0[1:s]
INFO: =============================
INFO: JOBID=3
INFO: RESOURCES=ALLOCATED
INFO: SCHEDULED AT=Now
INFO: =============================
