      ---------------core0[1:x]
      ---------------core1[1:x]
      ---------------core2[1:x]
      ---------------core3[1:x]
      ---------------core4[1:x]
      ---------------core5[1:x]
      ---------------core6[1:x]
      ---------------core7[1:x]
      ---------------core8[1:x]
      ---------------core9[1:x]
      ---------------core10[1:x]
      ---------------core11[1:x]
      ---------------core12[1:x]
      ---------------core13[1:x]
      ---------------core14[1:x]
      ---------------core15[1:x]
      ---------------core16[1:x]
      ---------------core17[1:x]
      ---------------core18[1:x]
      ---------------core19[1:x]
      ---------------core20[1:x]
      ---------------core21[1:x]
      ------------socket0[1:x]
      ---------------core22[1:x]
      ---------------core23[1:x]
      ---------------core24[1:x]
      ---------------core25[1:x]
      ---------------core26[1:x]
      ---------------core27[1:x]
      ---------------core28[1:x]
      ---------------core29[1:x]
      ---------------core30[1:x]
      ---------------core31[1:x]
      ---------------core32[1:x]
      ---------------core33[1:x]
      ---------------core34[1:x]
      ---------------core35[1:x]
      ---------------core36[1:x]
      ---------------core37[1:x]
      ---------------core38[1:x]
      ---------------core39[1:x]
      ---------------core40[1:x]
      ---------------core41[1:x]
      ---------------core42[1:x]
      ---------------core43[1:x]
      ------------socket1[1:x]
      ---------cpu_group0[1:x]
      ---------------core0[1:x]
      ---------------core1[1:x]
      ---------------core2[1:x]
      ---------------core3[1:x]
      ---------------core4[1:x]
      ---------------core5[1:x]
      ---------------core6[1:x]
      ---------------core7[1:x]
      ---------------core8[1:x]
      ---------------core9[1:x]
      ---------------core10[1:x]
      ---------------core11[1:x]
      ---------------core12[1:x]
      ---------------core13[1:x]
      ---------------core14[1:x]
      ---------------core15[1:x]
      ---------------core16[1:x]
      ---------------core17[1:x]
      ---------------core18[1:x]
      ---------------core19[1:x]
      ---------------core20[1:x]
      ---------------core21[1:x]
      ------------socket0[1:x]
      ---------------core22[1:x]
      ---------------core23[1:x]
      ---------------core24[1:x]
      ---------------core25[1:x]
      ---------------core26[1:x]
      ---------------core27[1:x]
      ---------------core28[1:x]
      ---------------core29[1:x]
      ---------------core30[1:x]
      ---------------core31[1:x]
      ---------------core32[1:x]
      ---------------core33[1:x]
      ---------------core34[1:x]
      ---------------core35[1:x]
      ---------------core36[1:x]
      ---------------core37[1:x]
      ---------------core38[1:x]
      ---------------core39[1:x]
      ---------------core40[1:x]
      ---------------core41[1:x]
      ---------------core42[1:x]
      ---------------core43[1:x]
      ------------socket1[1:x]
      ---------cpu_group1[1:x]
      ---------------core0[1:x]
      ---------------core1[1:x]
      ---------------core2[1:x]
      ---------------core3[1:x]
      ---------------core4[1:x]
      ---------------core5[1:x]
      ---------------core6[1:x]
      ---------------core7[1:x]
      ---------------core8[1:x]
      ---------------core9[1:x]
      ---------------core10[1:x]
      ---------------core11[1:x]
      ---------------core12[1:x]
      ---------------core13[1:x]
      ---------------core14[1:x]
      ---------------core15[1:x]
      ---------------core16[1:x]
      ---------------core17[1:x]
      ---------------core18[1:x]
      ---------------core19[1:x]
      ---------------core20[1:x]
      ---------------core21[1:x]
      ------------socket0[1:x]
      ---------------core22[1:x]
      ---------------core23[1:x]
      ---------------core24[1:x]
      ---------------core25[1:x]
      ---------------core26[1:x]
      ---------------core27[1:x]
      ---------------core28[1:x]
      ---------------core29[1:x]
      ---------------core30[1:x]
      ---------------core31[1:x]
      ---------------core32[1:x]
      ---------------core33[1:x]
      ---------------core34[1:x]
      ---------------core35[1:x]
      ---------------core36[1:x]
      ---------------core37[1:x]
      ---------------core38[1:x]
      ---------------core39[1:x]
      ---------------core40[1:x]
      ---------------core41[1:x]
      ---------------core42[1:x]
      ---------------core43[1:x]
      ------------socket1[1:x]
      ---------cpu_group2[1:x]
      ---------------core0[1:x]
      ---------------core1[1:x]
      ---------------core2[1:x]
      ---------------core3[1:x]
      ---------------core4[1:x]
      ---------------core5[1:x]
      ---------------core6[1:x]
      ---------------core7[1:x]
      ---------------core8[1:x]
      ---------------core9[1:x]
      ---------------core10[1:x]
      ---------------core11[1:x]
      ---------------core12[1:x]
      ---------------core13[1:x]
      ---------------core14[1:x]
      ---------------core15[1:x]
      ---------------core16[1:x]
      ---------------core17[1:x]
      ---------------core18[1:x]
      ---------------core19[1:x]
      ---------------core20[1:x]
      ---------------core21[1:x]
      ------------socket0[1:x]
      ---------------core22[1:x]
      ---------------core23[1:x]
      ---------------core24[1:x]
      ---------------core25[1:x]
      ---------------core26[1:x]
      ---------------core27[1:x]
      ---------------core28[1:x]
      ---------------core29[1:x]
      ---------------core30[1:x]
      ---------------core31[1:x]
      ---------------core32[1:x]
      ---------------core33[1:x]
      ---------------core34[1:x]
      ---------------core35[1:x]
      ---------------core36[1:x]
      ---------------core37[1:x]
      ---------------core38[1:x]
      ---------------core39[1:x]
      ---------------core40[1:x]
      ---------------core41[1:x]
      ---------------core42[1:x]
      ---------------core43[1:x]
      ------------socket1[1:x]
      ---------cpu_group3[1:x]
      ------cpu_rack0[1:s]
      ------------gpu0[1:x]
      ------------gpu1[1:x]
      ------------gpu2[1:x]
      ------------gpu3[1:x]
      ------------gpu4[1:x]
      ------------gpu5[1:x]
      ------------gpu6[1:x]
      ------------gpu7[1:x]
      ---------gpu_group0[1:x]
      ------------gpu8[1:x]
      ------------gpu9[1:x]
      ------------gpu10[1:x]
      ------------gpu11[1:x]
      ------------gpu12[1:x]
      ------------gpu13[1:x]
      ------------gpu14[1:x]
      ------------gpu15[1:x]
      ---------gpu_group1[1:x]
      ------gpu_rack0[1:s]
      ------------memory0[64:x]
      ------------memory1[64:x]
      ------------memory2[64:x]
      ------------memory3[64:x]
      ------------memory4[64:x]
      ------------memory5[64:x]
      ------------memory6[64:x]
      ------------memory7[64:x]
      ------------memory8[64:x]
      ------------memory9[64:x]
      ------------memory10[64:x]
      ------------memory11[64:x]
      ------------memory12[64:x]
      ------------memory13[64:x]
      ------------memory14[64:x]
      ---------mem_group0[1:x]
      ------mem_rack0[1:s]
      ------------bb0[64:x]
      ------------bb1[64:x]
      ------------bb2[64:x]
      ------------bb3[64:x]
      ------------bb4[64:x]
      ------------bb5[64:x]
      ------------bb6[64:x]
      ------------bb7[64:x]
      ------------bb8[64:x]
      ------------bb9[64:x]
      ------------bb10[64:x]
      ------------bb11[64:x]
      ------------bb12[64:x]
      ------------bb13[64:x]
      ------------bb14[64:x]
      ------------bb15[64:x]
      ------------bb16[64:x]
      ------------bb17[64:x]
      ------------bb18[64:x]
      ------------bb19[64:x]
      ------------bb20[64:x]
      ------------bb21[64:x]
      ------------bb22[64:x]
      ------------bb23[64:x]
      ------------bb24[64:x]
      ------------bb25[64:x]
      ------------bb26[64:x]
      ------------bb27[64:x]
      ------------bb28[64:x]
      ------------bb29[64:x]
      ------------bb30[64:x]
      ------------bb31[64:x]
      ------------bb32[64:x]
      ------------bb33[64:x]
      ------------bb34[64:x]
      ------------bb35[64:x]
      ------------bb36[64:x]
      ------------bb37[64:x]
      ------------bb38[64:x]
      ------------bb39[64:x]
      ------------bb40[64:x]
      ------------bb41[64:x]
      ------------bb42[64:x]
      ------------bb43[64:x]
      ------------bb44[64:x]
      ------------bb45[64:x]
      ------------bb46[64:x]
      ------------bb47[64:x]
      ------------bb48[64:x]
      ------------bb49[64:x]
      ------------bb50[64:x]
      ------------bb51[64:x]
      ------------bb52[64:x]
      ------------bb53[64:x]
      ------------bb54[64:x]
      ------------bb55[64:x]
      ------------bb56[64:x]
      ------------bb57[64:x]
      ------------bb58[64:x]
      ------------bb59[64:x]
      ------------bb60[64:x]
      ------------bb61[64:x]
      ------------bb62[64:x]
      ------------bb63[64:x]
      ------------bb64[64:x]
      ------------bb65[64:x]
      ------------bb66[64:x]
      ------------bb67[64:x]
      ------------bb68[64:x]
      ------------bb69[64:x]
      ------------bb70[64:x]
      ------------bb71[64:x]
      ------------bb72[64:x]
      ------------bb73[64:x]
      ------------bb74[64:x]
      ------------bb75[64:x]
      ------------bb76[64:x]
      ------------bb77[64:x]
      ------------bb78[64:x]
      ------------bb79[64:x]
      ------------bb80[64:x]
      ------------bb81[64:x]
      ------------bb82[64:x]
      ------------bb83[64:x]
      ------------bb84[64:x]
      ------------bb85[64:x]
      ------------bb86[64:x]
      ------------bb87[64:x]
      ------------bb88[64:x]
      ------------bb89[64:x]
      ------------bb90[64:x]
      ------------bb91[64:x]
      ------------bb92[64:x]
      ------------bb93[64:x]
      ---------bb_group0[1:x]
      ------bb_rack0[1:s]
      ------------gpfs0[60:x]
      ------------gpfs1[60:x]
      ---------storage_group0[1:x]
      ------storage_rack0[1:s]
      ---disaggr0[1:s]
INFO: =============================
INFO: JOBID=1
INFO: RESOURCES=ALLOCATED
INFO: SCHEDULED AT=Now
INFO: =============================
      ---------------core0[1:x]
      ---------------core1[1:x]
      ---------------core2[1:x]
      ---------------core3[1:x]
      ---------------core4[1:x]
      ---------------core5[1:x]
      ---------------core6[1:x]
      ---------------core7[1:x]
      ---------------core8[1:x]
      ---------------core9[1:x]
      ---------------core10[1:x]
      ---------------core11[1:x]
      ---------------core12[1:x]
      ---------------core13[1:x]
      ---------------core14[1:x]
      ---------------core15[1:x]
      ---------------core16[1:x]
      ---------------core17[1:x]
      ---------------core18[1:x]
      ---------------core19[1:x]
      ---------------core20[1:x]
      ---------------core21[1:x]
      ------------socket0[1:x]
      ---------------core22[1:x]
      ---------------core23[1:x]
      ---------------core24[1:x]
      ---------------core25[1:x]
      ---------------core26[1:x]
      ---------------core27[1:x]
      ---------------core28[1:x]
      ---------------core29[1:x]
      ---------------core30[1:x]
      ---------------core31[1:x]
      ---------------core32[1:x]
      ---------------core33[1:x]
      ---------------core34[1:x]
      ---------------core35[1:x]
      ---------------core36[1:x]
      ---------------core37[1:x]
      ---------------core38[1:x]
      ---------------core39[1:x]
      ---------------core40[1:x]
      ---------------core41[1:x]
      ---------------core42[1:x]
      ---------------core43[1:x]
      ------------socket1[1:x]
      ---------cpu_group4[1:x]
      ---------------core0[1:x]
      ---------------core1[1:x]
      ---------------core2[1:x]
      ---------------core3[1:x]
      ---------------core4[1:x]
      ---------------core5[1:x]
      ---------------core6[1:x]
      ---------------core7[1:x]
      ---------------core8[1:x]
      ---------------core9[1:x]
      ---------------core10[1:x]
      ---------------core11[1:x]
      ---------------core12[1:x]
      ---------------core13[1:x]
      ---------------core14[1:x]
      ---------------core15[1:x]
      ---------------core16[1:x]
      ---------------core17[1:x]
      ---------------core18[1:x]
      ---------------core19[1:x]
      ---------------core20[1:x]
      ---------------core21[1:x]
      ------------socket0[1:x]
      ---------------core22[1:x]
      ---------------core23[1:x]
      ---------------core24[1:x]
      ---------------core25[1:x]
      ---------------core26[1:x]
      ---------------core27[1:x]
      ---------------core28[1:x]
      ---------------core29[1:x]
      ---------------core30[1:x]
      ---------------core31[1:x]
      ---------------core32[1:x]
      ---------------core33[1:x]
      ---------------core34[1:x]
      ---------------core35[1:x]
      ---------------core36[1:x]
      ---------------core37[1:x]
      ---------------core38[1:x]
      ---------------core39[1:x]
      ---------------core40[1:x]
      ---------------core41[1:x]
      ---------------core42[1:x]
      ---------------core43[1:x]
      ------------socket1[1:x]
      ---------cpu_group5[1:x]
      ---------------core0[1:x]
      ---------------core1[1:x]
      ---------------core2[1:x]
      ---------------core3[1:x]
      ---------------core4[1:x]
      ---------------core5[1:x]
      ---------------core6[1:x]
      ---------------core7[1:x]
      ---------------core8[1:x]
      ---------------core9[1:x]
      ---------------core10[1:x]
      ---------------core11[1:x]
      ---------------core12[1:x]
      ---------------core13[1:x]
      ---------------core14[1:x]
      ---------------core15[1:x]
      ---------------core16[1:x]
      ---------------core17[1:x]
      ---------------core18[1:x]
      ---------------core19[1:x]
      ---------------core20[1:x]
      ---------------core21[1:x]
      ------------socket0[1:x]
      ---------------core22[1:x]
      ---------------core23[1:x]
      ---------------core24[1:x]
      ---------------core25[1:x]
      ---------------core26[1:x]
      ---------------core27[1:x]
      ---------------core28[1:x]
      ---------------core29[1:x]
      ---------------core30[1:x]
      ---------------core31[1:x]
      ---------------core32[1:x]
      ---------------core33[1:x]
      ---------------core34[1:x]
      ---------------core35[1:x]
      ---------------core36[1:x]
      ---------------core37[1:x]
      ---------------core38[1:x]
      ---------------core39[1:x]
      ---------------core40[1:x]
      ---------------core41[1:x]
      ---------------core42[1:x]
      ---------------core43[1:x]
      ------------socket1[1:x]
      ---------cpu_group6[1:x]
      ---------------core0[1:x]
      ---------------core1[1:x]
      ---------------core2[1:x]
      ---------------core3[1:x]
      ---------------core4[1:x]
      ---------------core5[1:x]
      ---------------core6[1:x]
      ---------------core7[1:x]
      ---------------core8[1:x]
      ---------------core9[1:x]
      ---------------core10[1:x]
      ---------------core11[1:x]
      ---------------core12[1:x]
      ---------------core13[1:x]
      ---------------core14[1:x]
      ---------------core15[1:x]
      ---------------core16[1:x]
      ---------------core17[1:x]
      ---------------core18[1:x]
      ---------------core19[1:x]
      ---------------core20[1:x]
      ---------------core21[1:x]
      ------------socket0[1:x]
      ---------------core22[1:x]
      ---------------core23[1:x]
      ---------------core24[1:x]
      ---------------core25[1:x]
      ---------------core26[1:x]
      ---------------core27[1:x]
      ---------------core28[1:x]
      ---------------core29[1:x]
      ---------------core30[1:x]
      ---------------core31[1:x]
      ---------------core32[1:x]
      ---------------core33[1:x]
      ---------------core34[1:x]
      ---------------core35[1:x]
      ---------------core36[1:x]
      ---------------core37[1:x]
      ---------------core38[1:x]
      ---------------core39[1:x]
      ---------------core40[1:x]
      ---------------core41[1:x]
      ---------------core42[1:x]
      ---------------core43[1:x]
      ------------socket1[1:x]
      ---------cpu_group7[1:x]
      ------cpu_rack0[1:s]
      ------------gpu16[1:x]
      ------------gpu17[1:x]
      ------------gpu18[1:x]
      ------------gpu19[1:x]
      ------------gpu20[1:x]
      ------------gpu21[1:x]
      ------------gpu22[1:x]
      ------------gpu23[1:x]
      ---------gpu_group2[1:s]
      ------------gpu24[1:x]
      ------------gpu25[1:x]
      ------------gpu26[1:x]
      ------------gpu27[1:x]
      ------------gpu28[1:x]
      ------------gpu29[1:x]
      ------------gpu30[1:x]
      ------------gpu31[1:x]
      ---------gpu_group3[1:s]
      ------gpu_rack0[1:s]
      ------------memory15[64:x]
      ------------memory16[64:x]
      ------------memory17[64:x]
      ------------memory18[64:x]
      ------------memory19[64:x]
      ------------memory20[64:x]
      ------------memory21[64:x]
      ------------memory22[64:x]
      ------------memory23[64:x]
      ------------memory24[64:x]
      ------------memory25[64:x]
      ------------memory26[64:x]
      ------------memory27[64:x]
      ------------memory28[64:x]
      ------------memory29[64:x]
      ---------mem_group1[1:s]
      ------mem_rack0[1:s]
      ------------bb94[64:x]
      ------------bb95[64:x]
      ------------bb96[64:x]
      ------------bb97[64:x]
      ------------bb98[64:x]
      ------------bb99[64:x]
      ------------bb100[64:x]
      ------------bb101[64:x]
      ------------bb102[64:x]
      ------------bb103[64:x]
      ------------bb104[64:x]
      ------------bb105[64:x]
      ------------bb106[64:x]
      ------------bb107[64:x]
      ------------bb108[64:x]
      ------------bb109[64:x]
      ------------bb110[64:x]
      ------------bb111[64:x]
      ------------bb112[64:x]
      ------------bb113[64:x]
      ------------bb114[64:x]
      ------------bb115[64:x]
      ------------bb116[64:x]
      ------------bb117[64:x]
      ------------bb118[64:x]
      ------------bb119[64:x]
      ------------bb120[64:x]
      ------------bb121[64:x]
      ------------bb122[64:x]
      ------------bb123[64:x]
      ------------bb124[64:x]
      ------------bb125[64:x]
      ------------bb126[64:x]
      ------------bb127[64:x]
      ------------bb128[64:x]
      ------------bb129[64:x]
      ------------bb130[64:x]
      ------------bb131[64:x]
      ------------bb132[64:x]
      ------------bb133[64:x]
      ------------bb134[64:x]
      ------------bb135[64:x]
      ------------bb136[64:x]
      ------------bb137[64:x]
      ------------bb138[64:x]
      ------------bb139[64:x]
      ------------bb140[64:x]
      ------------bb141[64:x]
      ------------bb142[64:x]
      ------------bb143[64:x]
      ------------bb144[64:x]
      ------------bb145[64:x]
      ------------bb146[64:x]
      ------------bb147[64:x]
      ------------bb148[64:x]
      ------------bb149[64:x]
      ------------bb150[64:x]
      ------------bb151[64:x]
      ------------bb152[64:x]
      ------------bb153[64:x]
      ------------bb154[64:x]
      ------------bb155[64:x]
      ------------bb156[64:x]
      ------------bb157[64:x]
      ------------bb158[64:x]
      ------------bb159[64:x]
      ------------bb160[64:x]
      ------------bb161[64:x]
      ------------bb162[64:x]
      ------------bb163[64:x]
      ------------bb164[64:x]
      ------------bb165[64:x]
      ------------bb166[64:x]
      ------------bb167[64:x]
      ------------bb168[64:x]
      ------------bb169[64:x]
      ------------bb170[64:x]
      ------------bb171[64:x]
      ------------bb172[64:x]
      ------------bb173[64:x]
      ------------bb174[64:x]
      ------------bb175[64:x]
      ------------bb176[64:x]
      ------------bb177[64:x]
      ------------bb178[64:x]
      ------------bb179[64:x]
      ------------bb180[64:x]
      ------------bb181[64:x]
      ------------bb182[64:x]
      ------------bb183[64:x]
      ------------bb184[64:x]
      ------------bb185[64:x]
      ------------bb186[64:x]
      ------------bb187[64:x]
      ---------bb_group1[1:s]
      ------bb_rack0[1:s]
      ------------gpfs2[60:x]
      ------------gpfs3[60:x]
      ---------storage_group1[1:s]
      ------storage_rack0[1:s]
      ---disaggr0[1:s]
INFO: =============================
INFO: JOBID=2
INFO: RESOURCES=ALLOCATED
INFO: SCHEDULED AT=Now
INFO: =============================
      ---------------core0[1:x]
      ---------------core1[1:x]
      ---------------core2[1:x]
      ---------------core3[1:x]
      ---------------core4[1:x]
      ---------------core5[1:x]
      ---------------core6[1:x]
      ---------------core7[1:x]
      ---------------core8[1:x]
      ---------------core9[1:x]
      ---------------core10[1:x]
      ---------------core11[1:x]
      ---------------core12[1:x]
      ---------------core13[1:x]
      ---------------core14[1:x]
      ---------------core15[1:x]
      ---------------core16[1:x]
      ---------------core17[1:x]
      ---------------core18[1:x]
      ---------------core19[1:x]
      ---------------core20[1:x]
      ---------------core21[1:x]
      ------------socket0[1:s]
      ---------------core22[1:x]
      ---------------core23[1:x]
      ---------------core24[1:x]
      ---------------core25[1:x]
      ---------------core26[1:x]
      ---------------core27[1:x]
      ---------------core28[1:x]
      ---------------core29[1:x]
      ---------------core30[1:x]
      ---------------core31[1:x]
      ---------------core32[1:x]
      ---------------core33[1:x]
      ---------------core34[1:x]
      ---------------core35[1:x]
      ---------------core36[1:x]
      ---------------core37[1:x]
      ---------------core38[1:x]
      ---------------core39[1:x]
      ---------------core40[1:x]
      ---------------core41[1:x]
      ---------------core42[1:x]
      ---------------core43[1:x]
      ------------socket1[1:s]
      ---------cpu_group8[1:s]
      ------cpu_rack0[1:s]
      ------------gpu32[1:x]
      ------------gpu33[1:x]
      ------------gpu34[1:x]
      ------------gpu35[1:x]
      ------------gpu36[1:x]
      ------------gpu37[1:x]
      ------------gpu38[1:x]
      ------------gpu39[1:x]
      ---------gpu_group4[1:s]
      ------------gpu40[1:x]
      ------------gpu41[1:x]
      ------------gpu42[1:x]
      ------------gpu43[1:x]
      ------------gpu44[1:x]
      ------------gpu45[1:x]
      ------------gpu46[1:x]
      ------------gpu47[1:x]
      ---------gpu_group5[1:s]
      ------gpu_rack0[1:s]
      ---disaggr0[1:s]
INFO: =============================
INFO: JOBID=3
INFO: RESOURCES=ALLOCATED
INFO: SCHEDULED AT=Now
INFO: =============================
