INFO: Loading a matcher: CA
resource-query> set-status /dne down
Could not find path /dne in resource graph.
resource-query> quit
