INFO: Loading a matcher: CA
resource-query> get-status /cz0/pfs0/bandwidth0
/cz0/pfs0/bandwidth0 is up
resource-query> set-status /cz0/pfs0/bandwidth0 down
resource-query> get-status /cz0/pfs0/bandwidth0
/cz0/pfs0/bandwidth0 is down
resource-query> set-status /cz0/pfs0/bandwidth0 up
resource-query> get-status /cz0/pfs0/bandwidth0
/cz0/pfs0/bandwidth0 is up
resource-query> quit
