INFO: =============================
INFO: JOBID=1
INFO: RESOURCES=ALLOCATED
INFO: SCHEDULED AT=Now
INFO: =============================
      ------------power1[10:x]
      ---------node0[1:x]
      ------------power1[10:x]
      ---------node1[1:x]
      ------------power1[10:x]
      ---------node2[1:x]
      ------------power1[10:x]
      ---------node3[1:x]
      ------------power1[10:x]
      ---------node4[1:x]
      ------------power1[10:x]
      ---------node5[1:x]
      ------------power1[10:x]
      ---------node6[1:x]
      ------------power1[10:x]
      ---------node7[1:x]
      ------------power1[10:x]
      ---------node8[1:x]
      ------------power1[10:x]
      ---------node9[1:x]
      ------------power1[10:x]
      ---------node10[1:x]
      ------------power1[10:x]
      ---------node11[1:x]
      ------------power1[10:x]
      ---------node12[1:x]
      ------------power1[10:x]
      ---------node13[1:x]
      ------------power1[10:x]
      ---------node14[1:x]
      ------------power1[10:x]
      ---------node15[1:x]
      ------------power1[10:x]
      ---------node16[1:x]
      ------------power1[10:x]
      ---------node17[1:x]
      ---------power22[10:x]
      ---------power23[10:x]
      ---------power24[10:x]
      ---------power25[10:x]
      ---------power26[10:x]
      ---------power27[10:x]
      ---------power28[10:x]
      ---------power29[10:x]
      ---------power30[10:x]
      ---------power31[10:x]
      ---------power32[10:x]
      ---------power33[10:x]
      ---------power34[10:x]
      ---------power35[10:x]
      ---------power36[10:x]
      ---------power37[10:x]
      ---------power38[10:x]
      ---------power39[10:x]
      ------pdu0[1:s]
      ------------power1[10:x]
      ---------node18[1:x]
      ------------power1[10:x]
      ---------node19[1:x]
      ------------power1[10:x]
      ---------node20[1:x]
      ------------power1[10:x]
      ---------node21[1:x]
      ------------power1[10:x]
      ---------node22[1:x]
      ------------power1[10:x]
      ---------node23[1:x]
      ------------power1[10:x]
      ---------node24[1:x]
      ------------power1[10:x]
      ---------node25[1:x]
      ------------power1[10:x]
      ---------node26[1:x]
      ------------power1[10:x]
      ---------node27[1:x]
      ------------power1[10:x]
      ---------node28[1:x]
      ------------power1[10:x]
      ---------node29[1:x]
      ------------power1[10:x]
      ---------node30[1:x]
      ------------power1[10:x]
      ---------node31[1:x]
      ------------power1[10:x]
      ---------node32[1:x]
      ------------power1[10:x]
      ---------node33[1:x]
      ------------power1[10:x]
      ---------node34[1:x]
      ------------power1[10:x]
      ---------node35[1:x]
      ---------power22[10:x]
      ---------power23[10:x]
      ---------power24[10:x]
      ---------power25[10:x]
      ---------power26[10:x]
      ---------power27[10:x]
      ---------power28[10:x]
      ---------power29[10:x]
      ---------power30[10:x]
      ---------power31[10:x]
      ---------power32[10:x]
      ---------power33[10:x]
      ---------power34[10:x]
      ---------power35[10:x]
      ---------power36[10:x]
      ---------power37[10:x]
      ---------power38[10:x]
      ---------power39[10:x]
      ------pdu1[1:s]
      ---powerpanel0[1:s]
INFO: =============================
INFO: JOBID=2
INFO: RESOURCES=ALLOCATED
INFO: SCHEDULED AT=Now
INFO: =============================
INFO: =============================
INFO: No matching resources found
INFO: JOBID=3
INFO: =============================
