Couldn't find path /dont/exist in resource graph.
Incorrect input format. 
Please use `set-property <resource> PROPERTY=VALUE`.
No properties were found for /tiny0/rack0/node0.
Incorrect input format. 
Please use `set-property <resource> PROPERTY=VALUE`.
No properties were found for /tiny0/rack0/node0.
Incorrect input format. 
Please use `set-property <resource> PROPERTY=VALUE`.
No properties were found for /tiny0/rack0/node0.
Incorrect input format. 
Please use `set-property <resource> PROPERTY=VALUE`.
No properties were found for /tiny0/rack0/node0.
class==1
class=1=class=random
class=1
