{"version": 1, "execution": {"R_lite": [{"rank": "0-3", "children": {"core": "0-35", "gpu": "0-1"}}], "nodelist": ["node[0-3]"], "starttime": 0, "expiration": 3600}}
INFO: =============================
INFO: JOBID=1
INFO: RESOURCES=ALLOCATED
INFO: SCHEDULED AT=Now
INFO: =============================
