{"version": 1, "execution": {"R_lite": [{"rank": "0,2-3", "children": {"core": "0-35", "gpu": "0-1"}}, {"rank": "1", "children": {"core": "1-35,100", "gpu": "0-1"}}], "nodelist": ["node[3,1-2,0]"], "starttime": 0, "expiration": 3600}}
INFO: =============================
INFO: JOBID=1
INFO: RESOURCES=ALLOCATED
INFO: SCHEDULED AT=Now
INFO: =============================
